---
source: tests/main.rs
expression: content
---
src/bin/factorial.rs:2:5: replace main with ()

