---
source: tests/main.rs
expression: content
---

