---
source: tests/cli.rs
expression: content
---

